[pict@localhost ~]$ mysql -h 10.10.15.202 -u te3160 -p
Enter password: 
Welcome to the MariaDB monitor.  Commands end with ; or \g.
Your MariaDB connection id is 102
Server version: 5.5.43-MariaDB MariaDB Server

Copyright (c) 2000, 2015, Oracle, MariaDB Corporation Ab and others.

Type 'help;' or '\h' for help. Type '\c' to clear the current input statement.

MariaDB [(none)]> show databases;
+--------------------+
| Database           |
+--------------------+
| information_schema |
| te3160db           |
+--------------------+
2 rows in set (0.03 sec)


MariaDB [(none)]> use te3160db;
Database changed

Reading table information for completion of table and column names
You can turn off this feature to get a quicker startup with -A

MariaDB [te3160db]> create table Shift(prof_id int, foreign key(prof_id) references Professors(prof_id) on delete cascade, shift int, working_hours varchar(255));
Query OK, 0 rows affected (0.05 sec)

MariaDB [te3160db]> create table works(prof_id int PRIMARY KEY, foreign key(prof_id) references Professors(prof_id) on delete cascade, dept_id int, foreign key(dept_id) references Departments(dept_id) on delete cascade, duration int);
Query OK, 0 rows affected (0.05 sec)

MariaDB [te3160db]> create table Professors(prof_id int, prof_fname varchar(255), prof_lname varchar(255), dept_id int, foreign key(dept_id) references Departments(dept_id) on delete cascade, designation varchar(255), salary int, doj DATE, email varchar(255), phone int, city varchar(255), primary key(prof_id));
Query OK, 0 rows affected (0.05 sec)


MariaDB [te3160db]> create table Departments(dept_id int, dept_name varchar(255), primary key(dept_id));
Query OK, 0 rows affected (0.05 sec)




MariaDB [te3160db]> show tables;
+--------------------+
| Tables_in_te3160db |
+--------------------+
| Departments        |
| Professors         |
| Shift              |
| se1                |
| works              |
+--------------------+
5 rows in set (0.00 sec)

MariaDB [te3160db]> insert into Professors values(1, "Anurag", "Andhare", 1, "Assistant Professor", 30000, "2015-01-01", "anurag@pict.edu", 8957265358, "Pune");
Query OK, 1 row affected (0.02 sec)
MariaDB [te3160db]> insert into Professors values(2, "Akash", "Patil", 1, "Assistant Professor", 60000, "2015-01-30", "patilakash@pict.edu", 8957242358, "Pune");
Query OK, 1 row affected (0.02 sec)
MariaDB [te3160db]> insert into Professors values(3, "Pratik", "Patil", 1, "Assistant Professor", 30000, "2015-01-01", "anurag@pict.edu", 8957265358, "Pune");
Query OK, 1 row affected (0.02 sec)
MariaDB [te3160db]> insert into Professors values(5, "Saurabh", "Bora", 1, "Assistant Professor", 30000, "2015-01-01", "anurag@pict.edu", 8957265358, "Pune");
Query OK, 1 row affected (0.02 sec)
MariaDB [te3160db]> insert into Professors values(6, "Aditya", "Mahadalkar", 1, "Assistant Professor", 30000, "2015-01-01", "anurag@pict.edu", 8957265358, "Pune");
Query OK, 1 row affected (0.02 sec)
MariaDB [te3160db]> insert into Professors values(7, "Mandar", "Pande", 1, "Assistant Professor", 30000, "2015-01-01", "anurag@pict.edu", 8957265358, "Pune");
Query OK, 1 row affected (0.02 sec)
MariaDB [te3160db]> insert into Professors values(8, "Atharva", "Dharmadhikari", 1, "Assistant Professor", 30000, "2015-01-01", "anurag@pict.edu", 8957265358, "Pune");
Query OK, 1 row affected (0.02 sec)
MariaDB [te3160db]> insert into Professors values(9, "Aniket", "Gokhale", 1, "Assistant Professor", 30000, "2015-01-01", "anurag@pict.edu", 8957265358, "Pune");
Query OK, 1 row affected (0.02 sec)
MariaDB [te3160db]> insert into Professors values(10, "Sanket", "Pokar", 1, "Assistant Professor", 30000, "2015-01-01", "anurag@pict.edu", 8957265358, "Pune");
Query OK, 1 row affected (0.02 sec)



MariaDB [te3160db]> select * from Professors;
+---------+------------+---------------+---------+---------------------+--------+------------+------------------------+------------+--------+
| prof_id | prof_fname | prof_lname    | dept_id | designation         | salary | doj        | email                  | phone      | city   |
+---------+------------+---------------+---------+---------------------+--------+------------+------------------------+------------+--------+
|       1 | Anurag     | Andhare       |       1 | Assistant Professor |  30000 | 2015-01-01 | anurag@pict.edu        | 8957265358 | Pune   |
|       2 | Akash      | Patil         |       1 | Assistant Professor |  60000 | 2015-01-30 | patilakash@pict.edu    | 8957242358 | Pune   |
|       4 | Pratik     | Patil         |       1 | Assistant Professor |  50000 | 2015-07-21 | pratikpatil@pict.edu   | 8957243333 | Pune   |
|       5 | Saurabh    | Bora          |       2 | Assistant Professor |  10000 | 2015-07-12 | pratikpatil@pict.edu   | 8957222233 | Pune   |
|       6 | Aditya     | Mahadalkar    |       3 | Assistant Professor |  40000 | 2016-06-22 | adityam@pict.edu       | 9996121233 | Pune   |
|       7 | Mandar     | Pande         |       3 | Assistant Professor |  40000 | 2016-07-31 | mandarpande@pict.edu   | 3336121233 | Pune   |
|       8 | Atharva    | Dharmadhikari |       2 | Assistant Professor |    100 | 2016-07-12 | dharmya@pict.edu       | 9689921233 | Mumbai |
|       9 | Aniket     | Gokhale       |       2 | Assistant Professor |    100 | 2016-09-12 | aniketgokhale@pict.edu | 9689927235 | Mumbai |
|      10 | Sanket     | Pokar         |       1 | Assistant Professor |  10011 | 2016-03-12 | madsanket@pict.edu     | 9689211221 | Pune   |
+---------+------------+---------------+---------+---------------------+--------+------------+------------------------+------------+--------+
9 rows in set (0.00 sec)


MariaDB [te3160db]> select * from Professors where prof_fname like "S%";
+---------+------------+------------+---------+---------------------+--------+------------+----------------------+------------+------+
| prof_id | prof_fname | prof_lname | dept_id | designation         | salary | doj        | email                | phone      | city |
+---------+------------+------------+---------+---------------------+--------+------------+----------------------+------------+------+
|       5 | Saurabh    | Bora       |       2 | Assistant Professor |  10000 | 2015-07-12 | pratikpatil@pict.edu | 8957222233 | Pune |
|      10 | Sanket     | Pokar      |       1 | Assistant Professor |  10011 | 2016-03-12 | madsanket@pict.edu   | 9689211221 | Pune |
+---------+------------+------------+---------+---------------------+--------+------------+----------------------+------------+------+
2 rows in set (0.00 sec)

MariaDB [te3160db]> select * from Professors where prof_fname like "D%";
Empty set (0.00 sec)

MariaDB [te3160db]> insert into Professors value(3, "Daksh", "Pokar", 2, "Assistant Professors", 30000, "2016-01-01", "dakshpokar@pict.edu", 9689927235, "Bhuj");
ERROR 2013 (HY000): Lost connection to MySQL server during query
MariaDB [te3160db]> exit;
Bye
[pict@localhost ~]$ mysql -h 10.10.15.202 -u te3160 -p
Enter password: 
Welcome to the MariaDB monitor.  Commands end with ; or \g.
Your MariaDB connection id is 4
Server version: 5.5.43-MariaDB MariaDB Server

Copyright (c) 2000, 2015, Oracle, MariaDB Corporation Ab and others.

Type 'help;' or '\h' for help. Type '\c' to clear the current input statement.

MariaDB [(none)]> insert into Professors value(3, "Daksh", "Pokar", 2, "Assistant Professors", 30000, "2016-01-01", "dakshpokar@pict.edu", 9689927235, "Bhuj");
ERROR 1046 (3D000): No database selected
MariaDB [(none)]> use te3160db
Reading table information for completion of table and column names
You can turn off this feature to get a quicker startup with -A

Database changed
MariaDB [te3160db]> select * from works;
Empty set (0.00 sec)

MariaDB [te3160db]> select * from Departments;
+---------+-----------+
| dept_id | dept_name |
+---------+-----------+
|       1 | Computer  |
|       2 | IT        |
|       3 | E&TC      |
+---------+-----------+
3 rows in set (0.00 sec)

MariaDB [te3160db]> select * from Shifts;;
ERROR 1146 (42S02): Table 'te3160db.Shifts' doesn't exist
ERROR: No query specified

MariaDB [te3160db]> select * from Shift;
Empty set (0.00 sec)

MariaDB [te3160db]> desc Professors;
+-------------+--------------+------+-----+---------+-------+
| Field       | Type         | Null | Key | Default | Extra |
+-------------+--------------+------+-----+---------+-------+
| prof_id     | int(11)      | NO   | PRI | 0       |       |
| prof_fname  | varchar(255) | YES  |     | NULL    |       |
| prof_lname  | varchar(255) | YES  |     | NULL    |       |
| dept_id     | int(11)      | YES  | MUL | NULL    |       |
| designation | varchar(255) | YES  |     | NULL    |       |
| salary      | int(11)      | YES  |     | NULL    |       |
| doj         | date         | YES  |     | NULL    |       |
| email       | varchar(255) | YES  |     | NULL    |       |
| phone       | bigint(20)   | YES  |     | NULL    |       |
| city        | varchar(255) | YES  |     | NULL    |       |
+-------------+--------------+------+-----+---------+-------+
10 rows in set (0.01 sec)

MariaDB [te3160db]> select * from works;
Empty set (0.01 sec)

MariaDB [te3160db]> desc works;
+----------+---------+------+-----+---------+-------+
| Field    | Type    | Null | Key | Default | Extra |
+----------+---------+------+-----+---------+-------+
| prof_id  | int(11) | YES  | MUL | NULL    |       |
| dept_id  | int(11) | YES  | MUL | NULL    |       |
| duration | int(11) | YES  |     | NULL    |       |
+----------+---------+------+-----+---------+-------+
3 rows in set (0.00 sec)

MariaDB [te3160db]> desc Shift
    -> ;
+---------------+--------------+------+-----+---------+-------+
| Field         | Type         | Null | Key | Default | Extra |
+---------------+--------------+------+-----+---------+-------+
| prof_id       | int(11)      | YES  | MUL | NULL    |       |
| shift         | int(11)      | YES  |     | NULL    |       |
| working_hours | varchar(255) | YES  |     | NULL    |       |
+---------------+--------------+------+-----+---------+-------+
3 rows in set (0.00 sec)

MariaDB [te3160db]> insert into Shift values(1, 2, "13:00-14:00");
Query OK, 1 row affected (0.01 sec)

MariaDB [te3160db]> select * from Shift;
+---------+-------+---------------+
| prof_id | shift | working_hours |
+---------+-------+---------------+
|       1 |     2 | 13:00-14:00   |
+---------+-------+---------------+
1 row in set (0.00 sec)

MariaDB [te3160db]> insert into Shift values(2, 1, "11:00-12:00");
Query OK, 1 row affected (0.01 sec)

MariaDB [te3160db]> insert into Shift values(3, 1, "11:00-12:00");
ERROR 1452 (23000): Cannot add or update a child row: a foreign key constraint fails (`te3160db`.`Shift`, CONSTRAINT `Shift_ibfk_1` FOREIGN KEY (`prof_id`) REFERENCES `Professors` (`prof_id`) ON DELETE CASCADE)
MariaDB [te3160db]> select * from Shift;
+---------+-------+---------------+
| prof_id | shift | working_hours |
+---------+-------+---------------+
|       1 |     2 | 13:00-14:00   |
|       2 |     1 | 11:00-12:00   |
+---------+-------+---------------+
2 rows in set (0.00 sec)

MariaDB [te3160db]> insert into Shift values(3, 1, "11:00-12:00");
ERROR 1452 (23000): Cannot add or update a child row: a foreign key constraint fails (`te3160db`.`Shift`, CONSTRAINT `Shift_ibfk_1` FOREIGN KEY (`prof_id`) REFERENCES `Professors` (`prof_id`) ON DELETE CASCADE)
MariaDB [te3160db]> insert into Shift values(3, 2, "11:00-12:00");
ERROR 1452 (23000): Cannot add or update a child row: a foreign key constraint fails (`te3160db`.`Shift`, CONSTRAINT `Shift_ibfk_1` FOREIGN KEY (`prof_id`) REFERENCES `Professors` (`prof_id`) ON DELETE CASCADE)
MariaDB [te3160db]> insert into Shift values(3, 2, "11:00-12:00");
ERROR 1452 (23000): Cannot add or update a child row: a foreign key constraint fails (`te3160db`.`Shift`, CONSTRAINT `Shift_ibfk_1` FOREIGN KEY (`prof_id`) REFERENCES `Professors` (`prof_id`) ON DELETE CASCADE)
MariaDB [te3160db]> insert into Shift values(4, 2, "11:00-12:00");
Query OK, 1 row affected (0.02 sec)

MariaDB [te3160db]> select * from Professors;
+---------+------------+---------------+---------+---------------------+--------+------------+------------------------+------------+--------+
| prof_id | prof_fname | prof_lname    | dept_id | designation         | salary | doj        | email                  | phone      | city   |
+---------+------------+---------------+---------+---------------------+--------+------------+------------------------+------------+--------+
|       1 | Anurag     | Andhare       |       1 | Assistant Professor |  30000 | 2015-01-01 | anurag@pict.edu        | 8957265358 | Pune   |
|       2 | Akash      | Patil         |       1 | Assistant Professor |  60000 | 2015-01-30 | patilakash@pict.edu    | 8957242358 | Pune   |
|       4 | Pratik     | Patil         |       1 | Assistant Professor |  50000 | 2015-07-21 | pratikpatil@pict.edu   | 8957243333 | Pune   |
|       5 | Saurabh    | Bora          |       2 | Assistant Professor |  10000 | 2015-07-12 | pratikpatil@pict.edu   | 8957222233 | Pune   |
|       6 | Aditya     | Mahadalkar    |       3 | Assistant Professor |  40000 | 2016-06-22 | adityam@pict.edu       | 9996121233 | Pune   |
|       7 | Mandar     | Pande         |       3 | Assistant Professor |  40000 | 2016-07-31 | mandarpande@pict.edu   | 3336121233 | Pune   |
|       8 | Atharva    | Dharmadhikari |       2 | Assistant Professor |    100 | 2016-07-12 | dharmya@pict.edu       | 9689921233 | Mumbai |
|       9 | Aniket     | Gokhale       |       2 | Assistant Professor |    100 | 2016-09-12 | aniketgokhale@pict.edu | 9689927235 | Mumbai |
|      10 | Sanket     | Pokar         |       1 | Assistant Professor |  10011 | 2016-03-12 | madsanket@pict.edu     | 9689211221 | Pune   |
+---------+------------+---------------+---------+---------------------+--------+------------+------------------------+------------+--------+
9 rows in set (0.00 sec)

MariaDB [te3160db]> insert into Professors value(3, "Daksh", "Pokar", 2, "Assistant Professors", 30000, "2016-01-01", "dakshpokar@pict.edu", 9689927235, "Bhuj");
Query OK, 1 row affected (0.02 sec)

MariaDB [te3160db]> select * from Professors;
+---------+------------+---------------+---------+----------------------+--------+------------+------------------------+------------+--------+
| prof_id | prof_fname | prof_lname    | dept_id | designation          | salary | doj        | email                  | phone      | city   |
+---------+------------+---------------+---------+----------------------+--------+------------+------------------------+------------+--------+
|       1 | Anurag     | Andhare       |       1 | Assistant Professor  |  30000 | 2015-01-01 | anurag@pict.edu        | 8957265358 | Pune   |
|       2 | Akash      | Patil         |       1 | Assistant Professor  |  60000 | 2015-01-30 | patilakash@pict.edu    | 8957242358 | Pune   |
|       3 | Daksh      | Pokar         |       2 | Assistant Professors |  30000 | 2016-01-01 | dakshpokar@pict.edu    | 9689927235 | Bhuj   |
|       4 | Pratik     | Patil         |       1 | Assistant Professor  |  50000 | 2015-07-21 | pratikpatil@pict.edu   | 8957243333 | Pune   |
|       5 | Saurabh    | Bora          |       2 | Assistant Professor  |  10000 | 2015-07-12 | pratikpatil@pict.edu   | 8957222233 | Pune   |
|       6 | Aditya     | Mahadalkar    |       3 | Assistant Professor  |  40000 | 2016-06-22 | adityam@pict.edu       | 9996121233 | Pune   |
|       7 | Mandar     | Pande         |       3 | Assistant Professor  |  40000 | 2016-07-31 | mandarpande@pict.edu   | 3336121233 | Pune   |
|       8 | Atharva    | Dharmadhikari |       2 | Assistant Professor  |    100 | 2016-07-12 | dharmya@pict.edu       | 9689921233 | Mumbai |
|       9 | Aniket     | Gokhale       |       2 | Assistant Professor  |    100 | 2016-09-12 | aniketgokhale@pict.edu | 9689927235 | Mumbai |
|      10 | Sanket     | Pokar         |       1 | Assistant Professor  |  10011 | 2016-03-12 | madsanket@pict.edu     | 9689211221 | Pune   |
+---------+------------+---------------+---------+----------------------+--------+------------+------------------------+------------+--------+
10 rows in set (0.00 sec)

MariaDB [te3160db]> insert into Shift values(3, 2, "11:00-12:00");
Query OK, 1 row affected (0.01 sec)

MariaDB [te3160db]> select * from Shift;
+---------+-------+---------------+
| prof_id | shift | working_hours |
+---------+-------+---------------+
|       1 |     2 | 13:00-14:00   |
|       2 |     1 | 11:00-12:00   |
|       4 |     2 | 11:00-12:00   |
|       3 |     2 | 11:00-12:00   |
+---------+-------+---------------+
4 rows in set (0.00 sec)

MariaDB [te3160db]> select * from Shift order by prof_id;
+---------+-------+---------------+
| prof_id | shift | working_hours |
+---------+-------+---------------+
|       1 |     2 | 13:00-14:00   |
|       2 |     1 | 11:00-12:00   |
|       3 |     2 | 11:00-12:00   |
|       4 |     2 | 11:00-12:00   |
+---------+-------+---------------+
4 rows in set (0.00 sec)

MariaDB [te3160db]> insert into Shift values(5, 1, "8:00-10:00");
Query OK, 1 row affected (0.01 sec)

MariaDB [te3160db]> insert into Shift values(6, 2, "8:00-10:00");
Query OK, 1 row affected (0.03 sec)

MariaDB [te3160db]> insert into Shift values(6, 2, "1:00-12:00");
Query OK, 1 row affected (0.02 sec)

MariaDB [te3160db]> insert into Shift values(6, 2, "11:00-12:00");
Query OK, 1 row affected (0.03 sec)

MariaDB [te3160db]> select * from Shift order by prof_id;
+---------+-------+---------------+
| prof_id | shift | working_hours |
+---------+-------+---------------+
|       1 |     2 | 13:00-14:00   |
|       2 |     1 | 11:00-12:00   |
|       3 |     2 | 11:00-12:00   |
|       4 |     2 | 11:00-12:00   |
|       5 |     1 | 8:00-10:00    |
|       6 |     2 | 8:00-10:00    |
|       6 |     2 | 1:00-12:00    |
|       6 |     2 | 11:00-12:00   |
+---------+-------+---------------+
8 rows in set (0.00 sec)

MariaDB [te3160db]> delete from Shift where prof_id = 6;
Query OK, 3 rows affected (0.03 sec)

MariaDB [te3160db]> select * from Shift order by prof_id;
+---------+-------+---------------+
| prof_id | shift | working_hours |
+---------+-------+---------------+
|       1 |     2 | 13:00-14:00   |
|       2 |     1 | 11:00-12:00   |
|       3 |     2 | 11:00-12:00   |
|       4 |     2 | 11:00-12:00   |
|       5 |     1 | 8:00-10:00    |
+---------+-------+---------------+
5 rows in set (0.00 sec)

MariaDB [te3160db]> insert into Shift values(6, 1, "11:00-12:00");
Query OK, 1 row affected (0.02 sec)

MariaDB [te3160db]> insert into Shift values(7, 2, "8:00-10:00");
Query OK, 1 row affected (0.02 sec)

MariaDB [te3160db]> insert into Shift values(8, 2, "11:00-12:00");
Query OK, 1 row affected (0.03 sec)

MariaDB [te3160db]> insert into Shift values(9, 1, "8:00-10:00");
Query OK, 1 row affected (0.02 sec)

MariaDB [te3160db]> insert into Shift values(10, 2, "11:00-12:00");
Query OK, 1 row affected (0.01 sec)

MariaDB [te3160db]> select * from Shift order by prof_id;
+---------+-------+---------------+
| prof_id | shift | working_hours |
+---------+-------+---------------+
|       1 |     2 | 13:00-14:00   |
|       2 |     1 | 11:00-12:00   |
|       3 |     2 | 11:00-12:00   |
|       4 |     2 | 11:00-12:00   |
|       5 |     1 | 8:00-10:00    |
|       6 |     1 | 11:00-12:00   |
|       7 |     2 | 8:00-10:00    |
|       8 |     2 | 11:00-12:00   |
|       9 |     1 | 8:00-10:00    |
|      10 |     2 | 11:00-12:00   |
+---------+-------+---------------+
10 rows in set (0.00 sec)

MariaDB [te3160db]> desc works;
+----------+---------+------+-----+---------+-------+
| Field    | Type    | Null | Key | Default | Extra |
+----------+---------+------+-----+---------+-------+
| prof_id  | int(11) | YES  | MUL | NULL    |       |
| dept_id  | int(11) | YES  | MUL | NULL    |       |
| duration | int(11) | YES  |     | NULL    |       |
+----------+---------+------+-----+---------+-------+
3 rows in set (0.00 sec)

MariaDB [te3160db]> select version;
ERROR 1054 (42S22): Unknown column 'version' in 'field list'
MariaDB [te3160db]> Ctrl-C -- exit!
Aborted
[pict@localhost ~]$ mysql --version
mysql  Ver 15.1 Distrib 5.5.43-MariaDB, for Linux (x86_64) using readline 5.1
[pict@localhost ~]$ mysql -h 10.10.15.202 -u te3160 -p
Enter password: 
Welcome to the MariaDB monitor.  Commands end with ; or \g.
Your MariaDB connection id is 40
Server version: 5.5.43-MariaDB MariaDB Server

Copyright (c) 2000, 2015, Oracle, MariaDB Corporation Ab and others.

Type 'help;' or '\h' for help. Type '\c' to clear the current input statement.

MariaDB [(none)]> use te3160db;
Reading table information for completion of table and column names
You can turn off this feature to get a quicker startup with -A

Database changed
MariaDB [te3160db]> select * from Shift order by prof_id;
+---------+-------+---------------+
| prof_id | shift | working_hours |
+---------+-------+---------------+
|       1 |     2 | 13:00-14:00   |
|       2 |     1 | 11:00-12:00   |
|       3 |     2 | 11:00-12:00   |
|       4 |     2 | 11:00-12:00   |
|       5 |     1 | 8:00-10:00    |
|       6 |     1 | 11:00-12:00   |
|       7 |     2 | 8:00-10:00    |
|       8 |     2 | 11:00-12:00   |
|       9 |     1 | 8:00-10:00    |
|      10 |     2 | 11:00-12:00   |
+---------+-------+---------------+
10 rows in set (0.00 sec)

MariaDB [te3160db]> desc works;
+----------+---------+------+-----+---------+-------+
| Field    | Type    | Null | Key | Default | Extra |
+----------+---------+------+-----+---------+-------+
| prof_id  | int(11) | YES  | MUL | NULL    |       |
| dept_id  | int(11) | YES  | MUL | NULL    |       |
| duration | int(11) | YES  |     | NULL    |       |
+----------+---------+------+-----+---------+-------+
3 rows in set (0.00 sec)

MariaDB [te3160db]> insert into works values(1, 1, 2);
Query OK, 1 row affected (0.01 sec)

MariaDB [te3160db]> delete from works where prof_id = 1;
Query OK, 1 row affected (0.03 sec)

MariaDB [te3160db]> insert into works values(1, 1, 1);
Query OK, 1 row affected (0.02 sec)

MariaDB [te3160db]> insert into works values(2, 1, 1);
Query OK, 1 row affected (0.02 sec)

MariaDB [te3160db]> insert into works values(3, 1, 1);
Query OK, 1 row affected (0.02 sec)

MariaDB [te3160db]> select * from works;
+---------+---------+----------+
| prof_id | dept_id | duration |
+---------+---------+----------+
|       1 |       1 |        1 |
|       2 |       1 |        1 |
|       3 |       1 |        1 |
+---------+---------+----------+
3 rows in set (0.00 sec)

MariaDB [te3160db]> select * from Professors;
+---------+------------+---------------+---------+----------------------+--------+------------+------------------------+------------+--------+
| prof_id | prof_fname | prof_lname    | dept_id | designation          | salary | doj        | email                  | phone      | city   |
+---------+------------+---------------+---------+----------------------+--------+------------+------------------------+------------+--------+
|       1 | Anurag     | Andhare       |       1 | Assistant Professor  |  30000 | 2015-01-01 | anurag@pict.edu        | 8957265358 | Pune   |
|       2 | Akash      | Patil         |       1 | Assistant Professor  |  60000 | 2015-01-30 | patilakash@pict.edu    | 8957242358 | Pune   |
|       3 | Daksh      | Pokar         |       2 | Assistant Professors |  30000 | 2016-01-01 | dakshpokar@pict.edu    | 9689927235 | Bhuj   |
|       4 | Pratik     | Patil         |       1 | Assistant Professor  |  50000 | 2015-07-21 | pratikpatil@pict.edu   | 8957243333 | Pune   |
|       5 | Saurabh    | Bora          |       2 | Assistant Professor  |  10000 | 2015-07-12 | pratikpatil@pict.edu   | 8957222233 | Pune   |
|       6 | Aditya     | Mahadalkar    |       3 | Assistant Professor  |  40000 | 2016-06-22 | adityam@pict.edu       | 9996121233 | Pune   |
|       7 | Mandar     | Pande         |       3 | Assistant Professor  |  40000 | 2016-07-31 | mandarpande@pict.edu   | 3336121233 | Pune   |
|       8 | Atharva    | Dharmadhikari |       2 | Assistant Professor  |    100 | 2016-07-12 | dharmya@pict.edu       | 9689921233 | Mumbai |
|       9 | Aniket     | Gokhale       |       2 | Assistant Professor  |    100 | 2016-09-12 | aniketgokhale@pict.edu | 9689927235 | Mumbai |
|      10 | Sanket     | Pokar         |       1 | Assistant Professor  |  10011 | 2016-03-12 | madsanket@pict.edu     | 9689211221 | Pune   |
+---------+------------+---------------+---------+----------------------+--------+------------+------------------------+------------+--------+
10 rows in set (0.00 sec)

MariaDB [te3160db]> select version;
ERROR 1054 (42S22): Unknown column 'version' in 'field list'
MariaDB [te3160db]> select (version);
ERROR 1054 (42S22): Unknown column 'version' in 'field list'
MariaDB [te3160db]> select "version";
+---------+
| version |
+---------+
| version |
+---------+
1 row in set (0.00 sec)

MariaDB [te3160db]> select * from version;
ERROR 1146 (42S02): Table 'te3160db.version' doesn't exist
MariaDB [te3160db]> select version;
ERROR 1054 (42S22): Unknown column 'version' in 'field list'
MariaDB [te3160db]> select version();
+----------------+
| version()      |
+----------------+
| 5.5.43-MariaDB |
+----------------+
1 row in set (0.00 sec)

MariaDB [te3160db]> select * from Professors;
+---------+------------+---------------+---------+----------------------+--------+------------+------------------------+------------+--------+
| prof_id | prof_fname | prof_lname    | dept_id | designation          | salary | doj        | email                  | phone      | city   |
+---------+------------+---------------+---------+----------------------+--------+------------+------------------------+------------+--------+
|       1 | Anurag     | Andhare       |       1 | Assistant Professor  |  30000 | 2015-01-01 | anurag@pict.edu        | 8957265358 | Pune   |
|       2 | Akash      | Patil         |       1 | Assistant Professor  |  60000 | 2015-01-30 | patilakash@pict.edu    | 8957242358 | Pune   |
|       3 | Daksh      | Pokar         |       2 | Assistant Professors |  30000 | 2016-01-01 | dakshpokar@pict.edu    | 9689927235 | Bhuj   |
|       4 | Pratik     | Patil         |       1 | Assistant Professor  |  50000 | 2015-07-21 | pratikpatil@pict.edu   | 8957243333 | Pune   |
|       5 | Saurabh    | Bora          |       2 | Assistant Professor  |  10000 | 2015-07-12 | pratikpatil@pict.edu   | 8957222233 | Pune   |
|       6 | Aditya     | Mahadalkar    |       3 | Assistant Professor  |  40000 | 2016-06-22 | adityam@pict.edu       | 9996121233 | Pune   |
|       7 | Mandar     | Pande         |       3 | Assistant Professor  |  40000 | 2016-07-31 | mandarpande@pict.edu   | 3336121233 | Pune   |
|       8 | Atharva    | Dharmadhikari |       2 | Assistant Professor  |    100 | 2016-07-12 | dharmya@pict.edu       | 9689921233 | Mumbai |
|       9 | Aniket     | Gokhale       |       2 | Assistant Professor  |    100 | 2016-09-12 | aniketgokhale@pict.edu | 9689927235 | Mumbai |
|      10 | Sanket     | Pokar         |       1 | Assistant Professor  |  10011 | 2016-03-12 | madsanket@pict.edu     | 9689211221 | Pune   |
+---------+------------+---------------+---------+----------------------+--------+------------+------------------------+------------+--------+
10 rows in set (0.00 sec)

MariaDB [te3160db]> select * from works;
+---------+---------+----------+
| prof_id | dept_id | duration |
+---------+---------+----------+
|       1 |       1 |        1 |
|       2 |       1 |        1 |
|       3 |       1 |        1 |
+---------+---------+----------+
3 rows in set (0.01 sec)

MariaDB [te3160db]> update from works set dept_id = 2 where prof_id = 3;
ERROR 1064 (42000): You have an error in your SQL syntax; check the manual that corresponds to your MariaDB server version for the right syntax to use near 'from works set dept_id = 2 where prof_id = 3' at line 1
MariaDB [te3160db]> update works set dept_id = 2 where prof_id = 3;
Query OK, 1 row affected (0.02 sec)
Rows matched: 1  Changed: 1  Warnings: 0

MariaDB [te3160db]> select * from works;
+---------+---------+----------+
| prof_id | dept_id | duration |
+---------+---------+----------+
|       1 |       1 |        1 |
|       2 |       1 |        1 |
|       3 |       2 |        1 |
+---------+---------+----------+
3 rows in set (0.00 sec)

MariaDB [te3160db]> insert into works values(4, 1, 1);
Query OK, 1 row affected (0.03 sec)

MariaDB [te3160db]> insert into works values(5, 2, 1);
Query OK, 1 row affected (0.01 sec)

MariaDB [te3160db]> insert into works values(6, 3, 1);
Query OK, 1 row affected (0.02 sec)

MariaDB [te3160db]> insert into works values(7, 3, 1);
Query OK, 1 row affected (0.02 sec)

MariaDB [te3160db]> insert into works values(8, 2, 1);
Query OK, 1 row affected (0.00 sec)

MariaDB [te3160db]> insert into works values(9, 2, 1);
Query OK, 1 row affected (0.01 sec)

MariaDB [te3160db]> insert into works values(10, 1, 1);
Query OK, 1 row affected (0.00 sec)

MariaDB [te3160db]> select * from works;
+---------+---------+----------+
| prof_id | dept_id | duration |
+---------+---------+----------+
|       1 |       1 |        1 |
|       2 |       1 |        1 |
|       3 |       2 |        1 |
|       4 |       1 |        1 |
|       5 |       2 |        1 |
|       6 |       3 |        1 |
|       7 |       3 |        1 |
|       8 |       2 |        1 |
|       9 |       2 |        1 |
|      10 |       1 |        1 |
+---------+---------+----------+
10 rows in set (0.00 sec)

MariaDB [te3160db]> select * from works;
+---------+---------+----------+
| prof_id | dept_id | duration |
+---------+---------+----------+
|       1 |       1 |        1 |
|       2 |       1 |        1 |
|       3 |       2 |        1 |
|       4 |       1 |        1 |
|       5 |       2 |        1 |
|       6 |       3 |        1 |
|       7 |       3 |        1 |
|       8 |       2 |        1 |
|       9 |       2 |        1 |
|      10 |       1 |        1 |
+---------+---------+----------+
10 rows in set (0.00 sec)

MariaDB [te3160db]> select * from Professors;
+---------+------------+---------------+---------+----------------------+--------+------------+------------------------+------------+--------+
| prof_id | prof_fname | prof_lname    | dept_id | designation          | salary | doj        | email                  | phone      | city   |
+---------+------------+---------------+---------+----------------------+--------+------------+------------------------+------------+--------+
|       1 | Anurag     | Andhare       |       1 | Assistant Professor  |  30000 | 2015-01-01 | anurag@pict.edu        | 8957265358 | Pune   |
|       2 | Akash      | Patil         |       1 | Assistant Professor  |  60000 | 2015-01-30 | patilakash@pict.edu    | 8957242358 | Pune   |
|       3 | Daksh      | Pokar         |       2 | Assistant Professors |  30000 | 2016-01-01 | dakshpokar@pict.edu    | 9689927235 | Bhuj   |
|       4 | Pratik     | Patil         |       1 | Assistant Professor  |  50000 | 2015-07-21 | pratikpatil@pict.edu   | 8957243333 | Pune   |
|       5 | Saurabh    | Bora          |       2 | Assistant Professor  |  10000 | 2015-07-12 | pratikpatil@pict.edu   | 8957222233 | Pune   |
|       6 | Aditya     | Mahadalkar    |       3 | Assistant Professor  |  40000 | 2016-06-22 | adityam@pict.edu       | 9996121233 | Pune   |
|       7 | Mandar     | Pande         |       3 | Assistant Professor  |  40000 | 2016-07-31 | mandarpande@pict.edu   | 3336121233 | Pune   |
|       8 | Atharva    | Dharmadhikari |       2 | Assistant Professor  |    100 | 2016-07-12 | dharmya@pict.edu       | 9689921233 | Mumbai |
|       9 | Aniket     | Gokhale       |       2 | Assistant Professor  |    100 | 2016-09-12 | aniketgokhale@pict.edu | 9689927235 | Mumbai |
|      10 | Sanket     | Pokar         |       1 | Assistant Professor  |  10011 | 2016-03-12 | madsanket@pict.edu     | 9689211221 | Pune   |
+---------+------------+---------------+---------+----------------------+--------+------------+------------------------+------------+--------+
10 rows in set (0.00 sec)

MariaDB [te3160db]> select * from Departments;
+---------+-----------+
| dept_id | dept_name |
+---------+-----------+
|       1 | Computer  |
|       2 | IT        |
|       3 | E&TC      |
+---------+-----------+
3 rows in set (0.01 sec)

MariaDB [te3160db]> select * from Shifts;
ERROR 1146 (42S02): Table 'te3160db.Shifts' doesn't exist
MariaDB [te3160db]> select * from Shift;
+---------+-------+---------------+
| prof_id | shift | working_hours |
+---------+-------+---------------+
|       1 |     2 | 13:00-14:00   |
|       2 |     1 | 11:00-12:00   |
|       4 |     2 | 11:00-12:00   |
|       3 |     2 | 11:00-12:00   |
|       5 |     1 | 8:00-10:00    |
|       6 |     1 | 11:00-12:00   |
|       7 |     2 | 8:00-10:00    |
|       8 |     2 | 11:00-12:00   |
|       9 |     1 | 8:00-10:00    |
|      10 |     2 | 11:00-12:00   |
+---------+-------+---------------+
10 rows in set (0.01 sec)


MariaDB [te3160db]> select * from Professors where (city = "Pune" or city = "Mumbai") and (prof_fname like "a%" or prof_fname like "d%");
+---------+------------+---------------+---------+---------------------+--------+------------+------------------------+------------+--------+
| prof_id | prof_fname | prof_lname    | dept_id | designation         | salary | doj        | email                  | phone      | city   |
+---------+------------+---------------+---------+---------------------+--------+------------+------------------------+------------+--------+
|       1 | Anurag     | Andhare       |       1 | Assistant Professor |  30000 | 2015-01-01 | anurag@pict.edu        | 8957265358 | Pune   |
|       2 | Akash      | Patil         |       1 | Assistant Professor |  60000 | 2015-01-30 | patilakash@pict.edu    | 8957242358 | Pune   |
|       6 | Aditya     | Mahadalkar    |       3 | Assistant Professor |  40000 | 2016-06-22 | adityam@pict.edu       | 9996121233 | Pune   |
|       8 | Atharva    | Dharmadhikari |       2 | Assistant Professor |    100 | 2016-07-12 | dharmya@pict.edu       | 9689921233 | Mumbai |
|       9 | Aniket     | Gokhale       |       2 | Assistant Professor |    100 | 2016-09-12 | aniketgokhale@pict.edu | 9689927235 | Mumbai |
+---------+------------+---------------+---------+---------------------+--------+------------+------------------------+------------+--------+
5 rows in set (0.00 sec)

MariaDB [te3160db]> select distinct city from Professors
    -> ;
+--------+
| city   |
+--------+
| Pune   |
| Bhuj   |
| Mumbai |
+--------+
3 rows in set (0.00 sec)


MariaDB [te3160db]> update Professors set salary = salary + (salary * 0.05) where doj = "2015-01-01";
Query OK, 1 row affected (0.02 sec)
Rows matched: 1  Changed: 1  Warnings: 0

MariaDB [te3160db]> select * from Professors;
+---------+------------+---------------+---------+----------------------+--------+------------+------------------------+------------+--------+
| prof_id | prof_fname | prof_lname    | dept_id | designation          | salary | doj        | email                  | phone      | city   |
+---------+------------+---------------+---------+----------------------+--------+------------+------------------------+------------+--------+
|       1 | Anurag     | Andhare       |       1 | Assistant Professor  |  31500 | 2015-01-01 | anurag@pict.edu        | 8957265358 | Pune   |
|       2 | Akash      | Patil         |       1 | Assistant Professor  |  60000 | 2015-01-30 | patilakash@pict.edu    | 8957242358 | Pune   |
|       3 | Daksh      | Pokar         |       2 | Assistant Professors |  30000 | 2016-01-01 | dakshpokar@pict.edu    | 9689927235 | Bhuj   |
|       4 | Pratik     | Patil         |       1 | Assistant Professor  |  50000 | 2015-07-21 | pratikpatil@pict.edu   | 8957243333 | Pune   |
|       5 | Saurabh    | Bora          |       2 | Assistant Professor  |  10000 | 2015-07-12 | pratikpatil@pict.edu   | 8957222233 | Pune   |
|       6 | Aditya     | Mahadalkar    |       3 | Assistant Professor  |  40000 | 2016-06-22 | adityam@pict.edu       | 9996121233 | Pune   |
|       7 | Mandar     | Pande         |       3 | Assistant Professor  |  40000 | 2016-07-31 | mandarpande@pict.edu   | 3336121233 | Pune   |
|       8 | Atharva    | Dharmadhikari |       2 | Assistant Professor  |    100 | 2016-07-12 | dharmya@pict.edu       | 9689921233 | Mumbai |
|       9 | Aniket     | Gokhale       |       2 | Assistant Professor  |    100 | 2016-09-12 | aniketgokhale@pict.edu | 9689927235 | Mumbai |
|      10 | Sanket     | Pokar         |       1 | Assistant Professor  |  10011 | 2016-03-12 | madsanket@pict.edu     | 9689211221 | Pune   |
+---------+------------+---------------+---------+----------------------+--------+------------+------------------------+------------+--------+
10 rows in set (0.00 sec)

MariaDB [te3160db]> select * from Professors;
+---------+------------+---------------+---------+----------------------+--------+------------+------------------------+------------+--------+
| prof_id | prof_fname | prof_lname    | dept_id | designation          | salary | doj        | email                  | phone      | city   |
+---------+------------+---------------+---------+----------------------+--------+------------+------------------------+------------+--------+
|       3 | Daksh      | Pokar         |       2 | Assistant Professors |  30000 | 2016-01-01 | dakshpokar@pict.edu    | 9689927235 | Bhuj   |
|       8 | Atharva    | Dharmadhikari |       2 | Assistant Professor  |    100 | 2016-07-12 | dharmya@pict.edu       | 9689921233 | Mumbai |
|       9 | Aniket     | Gokhale       |       2 | Assistant Professor  |    100 | 2016-09-12 | aniketgokhale@pict.edu | 9689927235 | Mumbai |
+---------+------------+---------------+---------+----------------------+--------+------------+------------------------+------------+--------+
3 rows in set (0.00 sec)

MariaDB [te3160db]> LOAD DATA LOCAL INFILE 'test.tsv' INTO TABLE Professors;
Query OK, 7 rows affected, 2 warnings (0.02 sec)     
Records: 9  Deleted: 0  Skipped: 2  Warnings: 2

MariaDB [te3160db]> select * from Professors;
+---------+------------+---------------+---------+----------------------+--------+------------+------------------------+------------+--------+
| prof_id | prof_fname | prof_lname    | dept_id | designation          | salary | doj        | email                  | phone      | city   |
+---------+------------+---------------+---------+----------------------+--------+------------+------------------------+------------+--------+
|       1 | Anurag     | Andhare       |       1 | Assistant Professor  |  30000 | 2015-01-01 | anurag@pict.edu        | 8957265358 | Pune   |
|       2 | Akash      | Patil         |       1 | Assistant Professor  |  60000 | 2015-01-30 | patilakash@pict.edu    | 8957242358 | Pune   |
|       3 | Daksh      | Pokar         |       2 | Assistant Professors |  30000 | 2016-01-01 | dakshpokar@pict.edu    | 9689927235 | Bhuj   |
|       4 | Pratik     | Patil         |       1 | Assistant Professor  |  50000 | 2015-07-21 | pratikpatil@pict.edu   | 8957243333 | Pune   |
|       5 | Saurabh    | Bora          |       2 | Assistant Professor  |  10000 | 2015-07-12 | pratikpatil@pict.edu   | 8957222233 | Pune   |
|       6 | Aditya     | Mahadalkar    |       3 | Assistant Professor  |  40000 | 2016-06-22 | adityam@pict.edu       | 9996121233 | Pune   |
|       7 | Mandar     | Pande         |       3 | Assistant Professor  |  40000 | 2016-07-31 | mandarpande@pict.edu   | 3336121233 | Pune   |
|       8 | Atharva    | Dharmadhikari |       2 | Assistant Professor  |    100 | 2016-07-12 | dharmya@pict.edu       | 9689921233 | Mumbai |
|       9 | Aniket     | Gokhale       |       2 | Assistant Professor  |    100 | 2016-09-12 | aniketgokhale@pict.edu | 9689927235 | Mumbai |
|      10 | Sanket     | Pokar         |       1 | Assistant Professor  |  10011 | 2016-03-12 | madsanket@pict.edu     | 9689211221 | Pune   |
+---------+------------+---------------+---------+----------------------+--------+------------+------------------------+------------+--------+
10 rows in set (0.00 sec)

MariaDB [te3160db]> select * from Professors;
+---------+------------+---------------+---------+----------------------+--------+------------+------------------------+------------+--------+
| prof_id | prof_fname | prof_lname    | dept_id | designation          | salary | doj        | email                  | phone      | city   |
+---------+------------+---------------+---------+----------------------+--------+------------+------------------------+------------+--------+
|       1 | Anurag     | Andhare       |       1 | Assistant Professor  |  30000 | 2015-01-01 | anurag@pict.edu        | 8957265358 | Pune   |
|       2 | Akash      | Patil         |       1 | Assistant Professor  |  60000 | 2015-01-30 | patilakash@pict.edu    | 8957242358 | Pune   |
|       3 | Daksh      | Pokar         |       2 | Assistant Professors |  30000 | 2016-01-01 | dakshpokar@pict.edu    | 9689927235 | Bhuj   |
|       4 | Pratik     | Patil         |       1 | Assistant Professor  |  50000 | 2015-07-21 | pratikpatil@pict.edu   | 8957243333 | Pune   |
|       5 | Saurabh    | Bora          |       2 | Assistant Professor  |  10000 | 2015-07-12 | pratikpatil@pict.edu   | 8957222233 | Pune   |
|       6 | Aditya     |MariaDB [te3160db]> insert into Professors values(1, "Anurag", "Andhare", 1, "Assistant Professor", 30000, "2015-01-01", "anurag@pict.edu", 8957265358, "Pune");
Query OK, 1 row affected (0.02 sec)
 Mahadalkar    |       3 | Assistant Professor  |  40000 | 2016-06-22 | adityam@pict.edu       | 9996121233 | Pune   |
|       7 | Mandar     | Pande         |       3 | Assistant Professor  |  40000 | 2016-07-31 | mandarpande@pict.edu   | 3336121233 | Pune   |
|       8 | Atharva    | Dharmadhikari |       2 | Assistant Professor  |    100 | 2016-07-12 | dharmya@pict.edu       | 9689921233 | Mumbai |
|       9 | Aniket     | Gokhale       |       2 | Assistant Professor  |    100 | 2016-09-12 | aniketgokhale@pict.edu | 9689927235 | Mumbai |
|      10 | Sanket     | Pokar         |       1 | Assistant Professor  |  10011 | 2016-03-12 | madsanket@pict.edu     | 9689211221 | Pune   |
+---------+------------+---------------+---------+----------------------+--------+------------+------------------------+------------+--------+
10 rows in set (0.00 sec)
MariaDB [te3160db]> select max(salary) from Professors;
+-------------+
| max(salary) |
+-------------+
|       60000 |
+-------------+
1 row in set (0.00 sec)

MariaDB [te3160db]> select *, max(salary) from Professors;
+---------+------------+------------+---------+---------------------+--------+------------+-----------------+------------+------+-------------+
| prof_id | prof_fname | prof_lname | dept_id | designation         | salary | doj        | email           | phone      | city | max(salary) |
+---------+------------+------------+---------+---------------------+--------+------------+-----------------+------------+------+-------------+
|       1 | Anurag     | Andhare    |       1 | Assistant Professor |  30000 | 2015-01-01 | anurag@pict.edu | 8957265358 | Pune |       60000 |
+---------+------------+------------+---------+---------------------+--------+------------+-----------------+------------+------+-------------+
1 row in set (0.00 sec)
MariaDB [te3160db]> select * from Professors where salary between "10000" and "20000";
+---------+------------+------------+---------+---------------------+--------+------------+----------------------+------------+------+
| prof_id | prof_fname | prof_lname | dept_id | designation         | salary | doj        | email                | phone      | city |
+---------+------------+------------+---------+---------------------+--------+------------+----------------------+------------+------+
|       5 | Saurabh    | Bora       |       2 | Assistant Professor |  10000 | 2015-07-12 | pratikpatil@pict.edu | 8957222233 | Pune |
|      10 | Sanket     | Pokar      |       1 | Assistant Professor |  10011 | 2016-03-12 | madsanket@pict.edu   | 9689211221 | Pune |
+---------+------------+------------+---------+---------------------+--------+------------+----------------------+------------+------+
2 rows in set (0.00 sec)
MariaDB [te3160db]> select * from Professors order by salary desc;
+---------+------------+---------------+---------+----------------------+--------+------------+------------------------+------------+--------+
| prof_id | prof_fname | prof_lname    | dept_id | designation          | salary | doj        | email                  | phone      | city   |
+---------+------------+---------------+---------+----------------------+--------+------------+------------------------+------------+--------+
|       2 | Akash      | Patil         |       1 | Assistant Professor  |  60000 | 2015-01-30 | patilakash@pict.edu    | 8957242358 | Pune   |
|       4 | Pratik     | Patil         |       1 | Assistant Professor  |  50000 | 2015-07-21 | pratikpatil@pict.edu   | 8957243333 | Pune   |
|       6 | Aditya     | Mahadalkar    |       3 | Assistant Professor  |  40000 | 2016-06-22 | adityam@pict.edu       | 9996121233 | Pune   |
|       7 | Mandar     | Pande         |       3 | Assistant Professor  |  40000 | 2016-07-31 | mandarpande@pict.edu   | 3336121233 | Pune   |
|       1 | Anurag     | Andhare       |       1 | Assistant Professor  |  30000 | 2015-01-01 | anurag@pict.edu        | 8957265358 | Pune   |
|       3 | Daksh      | Pokar         |       2 | Assistant Professors |  30000 | 2016-01-01 | dakshpokar@pict.edu    | 9689927235 | Bhuj   |
|      10 | Sanket     | Pokar         |       1 | Assistant Professor  |  10011 | 2016-03-12 | madsanket@pict.edu     | 9689211221 | Pune   |
|       5 | Saurabh    | Bora          |       2 | Assistant Professor  |  10000 | 2015-07-12 | pratikpatil@pict.edu   | 8957222233 | Pune   |
|       8 | Atharva    | Dharmadhikari |       2 | Assistant Professor  |    100 | 2016-07-12 | dharmya@pict.edu       | 9689921233 | Mumbai |
|       9 | Aniket     | Gokhale       |       2 | Assistant Professor  |    100 | 2016-09-12 | aniketgokhale@pict.edu | 9689927235 | Mumbai |
+---------+------------+---------------+---------+----------------------+--------+------------+------------------------+------------+--------+
10 rows in set (0.00 sec)
MariaDB [te3160db]> select * from Professors where salary in (30000,40000,50000);
+---------+------------+------------+---------+----------------------+--------+------------+----------------------+------------+------+
| prof_id | prof_fname | prof_lname | dept_id | designation          | salary | doj        | email                | phone      | city |
+---------+------------+------------+---------+----------------------+--------+------------+----------------------+------------+------+
|       1 | Anurag     | Andhare    |       1 | Assistant Professor  |  30000 | 2015-01-01 | anurag@pict.edu      | 8957265358 | Pune |
|       3 | Daksh      | Pokar      |       2 | Assistant Professors |  30000 | 2016-01-01 | dakshpokar@pict.edu  | 9689927235 | Bhuj |
|       4 | Pratik     | Patil      |       1 | Assistant Professor  |  50000 | 2015-07-21 | pratikpatil@pict.edu | 8957243333 | Pune |
|       6 | Aditya     | Mahadalkar |       3 | Assistant Professor  |  40000 | 2016-06-22 | adityam@pict.edu     | 9996121233 | Pune |
|       7 | Mandar     | Pande      |       3 | Assistant Professor  |  40000 | 2016-07-31 | mandarpande@pict.edu | 3336121233 | Pune |
+---------+------------+------------+---------+----------------------+--------+------------+----------------------+------------+------+
5 rows in set (0.01 sec)



